mode: set
github.com/Gitforxuyang/utils/utils.go:19.40,20.51 1 0
github.com/Gitforxuyang/utils/utils.go:23.2,23.82 1 0
github.com/Gitforxuyang/utils/utils.go:20.51,22.3 1 0
github.com/Gitforxuyang/utils/utils.go:27.65,29.36 1 0
github.com/Gitforxuyang/utils/utils.go:32.2,32.41 1 0
github.com/Gitforxuyang/utils/utils.go:164.2,164.12 1 0
github.com/Gitforxuyang/utils/utils.go:29.36,31.3 1 0
github.com/Gitforxuyang/utils/utils.go:32.41,33.47 1 0
github.com/Gitforxuyang/utils/utils.go:37.3,37.44 1 0
github.com/Gitforxuyang/utils/utils.go:44.3,45.21 2 0
github.com/Gitforxuyang/utils/utils.go:48.3,49.28 2 0
github.com/Gitforxuyang/utils/utils.go:67.3,67.33 1 0
github.com/Gitforxuyang/utils/utils.go:33.47,35.12 2 0
github.com/Gitforxuyang/utils/utils.go:37.44,38.31 1 0
github.com/Gitforxuyang/utils/utils.go:41.4,42.12 2 0
github.com/Gitforxuyang/utils/utils.go:38.31,40.5 1 0
github.com/Gitforxuyang/utils/utils.go:45.21,46.12 1 0
github.com/Gitforxuyang/utils/utils.go:49.28,51.4 1 0
github.com/Gitforxuyang/utils/utils.go:51.9,53.26 1 0
github.com/Gitforxuyang/utils/utils.go:64.4,64.12 1 0
github.com/Gitforxuyang/utils/utils.go:54.24,56.10 2 0
github.com/Gitforxuyang/utils/utils.go:57.23,59.10 2 0
github.com/Gitforxuyang/utils/utils.go:60.12,62.10 2 0
github.com/Gitforxuyang/utils/utils.go:68.21,70.18 2 0
github.com/Gitforxuyang/utils/utils.go:73.4,74.9 2 0
github.com/Gitforxuyang/utils/utils.go:75.20,77.18 2 0
github.com/Gitforxuyang/utils/utils.go:80.4,81.9 2 0
github.com/Gitforxuyang/utils/utils.go:82.21,84.18 2 0
github.com/Gitforxuyang/utils/utils.go:87.4,88.9 2 0
github.com/Gitforxuyang/utils/utils.go:89.22,91.18 2 0
github.com/Gitforxuyang/utils/utils.go:94.4,95.9 2 0
github.com/Gitforxuyang/utils/utils.go:96.22,98.18 2 0
github.com/Gitforxuyang/utils/utils.go:101.4,102.9 2 0
github.com/Gitforxuyang/utils/utils.go:103.22,105.18 2 0
github.com/Gitforxuyang/utils/utils.go:108.4,109.9 2 0
github.com/Gitforxuyang/utils/utils.go:110.21,112.18 2 0
github.com/Gitforxuyang/utils/utils.go:115.4,116.9 2 0
github.com/Gitforxuyang/utils/utils.go:117.22,119.18 2 0
github.com/Gitforxuyang/utils/utils.go:122.4,123.9 2 0
github.com/Gitforxuyang/utils/utils.go:124.23,126.18 2 0
github.com/Gitforxuyang/utils/utils.go:129.4,130.9 2 0
github.com/Gitforxuyang/utils/utils.go:131.23,133.18 2 0
github.com/Gitforxuyang/utils/utils.go:136.4,137.9 2 0
github.com/Gitforxuyang/utils/utils.go:138.23,140.18 2 0
github.com/Gitforxuyang/utils/utils.go:143.4,144.9 2 0
github.com/Gitforxuyang/utils/utils.go:145.24,147.18 2 0
github.com/Gitforxuyang/utils/utils.go:150.4,151.9 2 0
github.com/Gitforxuyang/utils/utils.go:152.24,154.18 2 0
github.com/Gitforxuyang/utils/utils.go:157.4,158.9 2 0
github.com/Gitforxuyang/utils/utils.go:159.23,161.9 2 0
github.com/Gitforxuyang/utils/utils.go:70.18,72.5 1 0
github.com/Gitforxuyang/utils/utils.go:77.18,79.5 1 0
github.com/Gitforxuyang/utils/utils.go:84.18,86.5 1 0
github.com/Gitforxuyang/utils/utils.go:91.18,93.5 1 0
github.com/Gitforxuyang/utils/utils.go:98.18,100.5 1 0
github.com/Gitforxuyang/utils/utils.go:105.18,107.5 1 0
github.com/Gitforxuyang/utils/utils.go:112.18,114.5 1 0
github.com/Gitforxuyang/utils/utils.go:119.18,121.5 1 0
github.com/Gitforxuyang/utils/utils.go:126.18,128.5 1 0
github.com/Gitforxuyang/utils/utils.go:133.18,135.5 1 0
github.com/Gitforxuyang/utils/utils.go:140.18,142.5 1 0
github.com/Gitforxuyang/utils/utils.go:147.18,149.5 1 0
github.com/Gitforxuyang/utils/utils.go:154.18,156.5 1 0
github.com/Gitforxuyang/utils/utils.go:168.51,171.2 2 0
github.com/Gitforxuyang/utils/utils.go:173.42,175.2 1 1
github.com/Gitforxuyang/utils/utils.go:178.66,181.16 3 0
github.com/Gitforxuyang/utils/utils.go:184.2,184.20 1 0
github.com/Gitforxuyang/utils/utils.go:181.16,183.3 1 0
