mode: set
github.com/Gitforxuyang/utils/utils.go:20.40,21.51 1 1
github.com/Gitforxuyang/utils/utils.go:24.2,24.82 1 1
github.com/Gitforxuyang/utils/utils.go:21.51,23.3 1 1
github.com/Gitforxuyang/utils/utils.go:28.65,30.36 1 1
github.com/Gitforxuyang/utils/utils.go:33.2,33.41 1 1
github.com/Gitforxuyang/utils/utils.go:165.2,165.12 1 1
github.com/Gitforxuyang/utils/utils.go:30.36,32.3 1 0
github.com/Gitforxuyang/utils/utils.go:33.41,34.47 1 1
github.com/Gitforxuyang/utils/utils.go:38.3,38.44 1 1
github.com/Gitforxuyang/utils/utils.go:45.3,46.21 2 1
github.com/Gitforxuyang/utils/utils.go:49.3,50.28 2 1
github.com/Gitforxuyang/utils/utils.go:68.3,68.33 1 1
github.com/Gitforxuyang/utils/utils.go:34.47,36.12 2 1
github.com/Gitforxuyang/utils/utils.go:38.44,39.31 1 1
github.com/Gitforxuyang/utils/utils.go:42.4,43.12 2 1
github.com/Gitforxuyang/utils/utils.go:39.31,41.5 1 1
github.com/Gitforxuyang/utils/utils.go:46.21,47.12 1 0
github.com/Gitforxuyang/utils/utils.go:50.28,52.4 1 1
github.com/Gitforxuyang/utils/utils.go:52.9,54.26 1 1
github.com/Gitforxuyang/utils/utils.go:65.4,65.12 1 1
github.com/Gitforxuyang/utils/utils.go:55.24,57.10 2 1
github.com/Gitforxuyang/utils/utils.go:58.23,60.10 2 1
github.com/Gitforxuyang/utils/utils.go:61.12,63.10 2 0
github.com/Gitforxuyang/utils/utils.go:69.21,71.18 2 1
github.com/Gitforxuyang/utils/utils.go:74.4,75.9 2 1
github.com/Gitforxuyang/utils/utils.go:76.20,78.18 2 1
github.com/Gitforxuyang/utils/utils.go:81.4,82.9 2 1
github.com/Gitforxuyang/utils/utils.go:83.21,85.18 2 1
github.com/Gitforxuyang/utils/utils.go:88.4,89.9 2 1
github.com/Gitforxuyang/utils/utils.go:90.22,92.18 2 1
github.com/Gitforxuyang/utils/utils.go:95.4,96.9 2 1
github.com/Gitforxuyang/utils/utils.go:97.22,99.18 2 1
github.com/Gitforxuyang/utils/utils.go:102.4,103.9 2 1
github.com/Gitforxuyang/utils/utils.go:104.22,106.18 2 1
github.com/Gitforxuyang/utils/utils.go:109.4,110.9 2 1
github.com/Gitforxuyang/utils/utils.go:111.21,113.18 2 1
github.com/Gitforxuyang/utils/utils.go:116.4,117.9 2 1
github.com/Gitforxuyang/utils/utils.go:118.22,120.18 2 1
github.com/Gitforxuyang/utils/utils.go:123.4,124.9 2 1
github.com/Gitforxuyang/utils/utils.go:125.23,127.18 2 1
github.com/Gitforxuyang/utils/utils.go:130.4,131.9 2 1
github.com/Gitforxuyang/utils/utils.go:132.23,134.18 2 1
github.com/Gitforxuyang/utils/utils.go:137.4,138.9 2 1
github.com/Gitforxuyang/utils/utils.go:139.23,141.18 2 1
github.com/Gitforxuyang/utils/utils.go:144.4,145.9 2 1
github.com/Gitforxuyang/utils/utils.go:146.24,148.18 2 1
github.com/Gitforxuyang/utils/utils.go:151.4,152.9 2 1
github.com/Gitforxuyang/utils/utils.go:153.24,155.18 2 1
github.com/Gitforxuyang/utils/utils.go:158.4,159.9 2 1
github.com/Gitforxuyang/utils/utils.go:160.23,162.9 2 1
github.com/Gitforxuyang/utils/utils.go:71.18,73.5 1 0
github.com/Gitforxuyang/utils/utils.go:78.18,80.5 1 0
github.com/Gitforxuyang/utils/utils.go:85.18,87.5 1 0
github.com/Gitforxuyang/utils/utils.go:92.18,94.5 1 0
github.com/Gitforxuyang/utils/utils.go:99.18,101.5 1 0
github.com/Gitforxuyang/utils/utils.go:106.18,108.5 1 0
github.com/Gitforxuyang/utils/utils.go:113.18,115.5 1 0
github.com/Gitforxuyang/utils/utils.go:120.18,122.5 1 0
github.com/Gitforxuyang/utils/utils.go:127.18,129.5 1 0
github.com/Gitforxuyang/utils/utils.go:134.18,136.5 1 0
github.com/Gitforxuyang/utils/utils.go:141.18,143.5 1 0
github.com/Gitforxuyang/utils/utils.go:148.18,150.5 1 0
github.com/Gitforxuyang/utils/utils.go:155.18,157.5 1 0
github.com/Gitforxuyang/utils/utils.go:169.51,172.2 2 1
github.com/Gitforxuyang/utils/utils.go:174.42,176.2 1 1
github.com/Gitforxuyang/utils/utils.go:179.66,182.16 3 1
github.com/Gitforxuyang/utils/utils.go:185.2,185.20 1 1
github.com/Gitforxuyang/utils/utils.go:182.16,184.3 1 1
github.com/Gitforxuyang/utils/utils.go:189.65,193.56 3 1
github.com/Gitforxuyang/utils/utils.go:197.2,198.17 2 1
github.com/Gitforxuyang/utils/utils.go:210.2,210.19 1 1
github.com/Gitforxuyang/utils/utils.go:193.56,195.3 1 1
github.com/Gitforxuyang/utils/utils.go:199.21,199.21 0 0
github.com/Gitforxuyang/utils/utils.go:200.21,201.35 1 1
github.com/Gitforxuyang/utils/utils.go:206.3,206.8 1 1
github.com/Gitforxuyang/utils/utils.go:207.10,208.20 1 1
github.com/Gitforxuyang/utils/utils.go:201.35,202.59 1 1
github.com/Gitforxuyang/utils/utils.go:202.59,204.5 1 1
github.com/Gitforxuyang/utils/utils.go:213.25,216.2 2 1
github.com/Gitforxuyang/utils/utils.go:218.31,222.2 3 1
